// Vitest Snapshot v1, https://vitest.dev/guide/snapshot.html

exports[`buildReportsViewFromWorkspace (characterization) > produces a stable view model for a fixed dataset 1`] = `
{
  "defaultPeriod": "weekly",
  "description": "Snapshot Clinic is now scored across demand, schedule quality, retention, and follow-up so the clinic can see what is healthy, what is leaking, and where the next operational improvement should happen.",
  "heading": "Performance analytics",
  "periodOrder": [
    "daily",
    "weekly",
    "monthly",
  ],
  "periods": {
    "custom": {
      "activeClients": 20,
      "chart": {
        "completedValues": [
          0,
          1,
          0,
          0,
          0,
          2,
          2,
          2,
        ],
        "hasData": true,
        "newClientValues": [
          0,
          1,
          0,
          0,
          0,
          1,
          0,
          1,
        ],
        "periodLabel": "Selected date range",
        "points": [
          {
            "label": "W1",
            "value": 1,
          },
          {
            "label": "W2",
            "value": 1,
          },
          {
            "label": "W3",
            "value": 0,
          },
          {
            "label": "W4",
            "value": 0,
          },
          {
            "label": "W5",
            "value": 1,
          },
          {
            "label": "W6",
            "value": 2,
          },
          {
            "label": "W7",
            "value": 3,
          },
          {
            "label": "W8",
            "value": 5,
          },
        ],
        "title": "Appointments in range",
      },
      "clientMixSegments": [
        {
          "count": 20,
          "key": "active",
          "label": "Active",
          "percent": 66.66666666666666,
        },
        {
          "count": 3,
          "key": "atRisk",
          "label": "At risk",
          "percent": 10,
        },
        {
          "count": 5,
          "key": "inactive",
          "label": "Inactive",
          "percent": 16.666666666666664,
        },
        {
          "count": 2,
          "key": "archived",
          "label": "Archived",
          "percent": 6.666666666666667,
        },
      ],
      "clientMixTotal": 30,
      "comparisonLabel": "vs previous range",
      "diagnostics": {
        "bookingBehavior": {
          "averageLeadTimeHours": 0,
          "sameDayBookings": 5,
          "unassignedAppointments": 0,
        },
        "clientMix": {
          "active": 20,
          "archived": 2,
          "atRisk": 3,
          "inactive": 5,
        },
        "demandWindows": {
          "busiestDays": [
            {
              "count": 3,
              "label": "Tue",
            },
            {
              "count": 2,
              "label": "Mon",
            },
          ],
          "busiestHours": [
            {
              "count": 2,
              "label": "9 AM",
            },
            {
              "count": 1,
              "label": "10 AM",
            },
            {
              "count": 1,
              "label": "11 AM",
            },
          ],
          "quietestDays": [
            {
              "count": 2,
              "label": "Mon",
            },
            {
              "count": 3,
              "label": "Tue",
            },
          ],
        },
        "evidenceSummary": "40.0% completed and 20.0% cancelled; busiest day Tue (3); quietest day Mon (2); 5 same-day bookings",
        "staffLoad": [
          {
            "appointments": 4,
            "bookedMinutes": 90,
            "name": "Dr. One",
            "role": "Dentist",
            "utilizationShare": "66.7%",
          },
          {
            "appointments": 1,
            "bookedMinutes": 45,
            "name": "Dr. Two",
            "role": "Hygienist",
            "utilizationShare": "33.3%",
          },
        ],
        "statusMix": [
          {
            "count": 2,
            "label": "Completed",
            "share": "40.0%",
          },
          {
            "count": 1,
            "label": "Confirmed",
            "share": "20.0%",
          },
          {
            "count": 1,
            "label": "Pending",
            "share": "20.0%",
          },
          {
            "count": 1,
            "label": "Cancelled",
            "share": "20.0%",
          },
        ],
      },
      "highlightChange": "67%",
      "highlightSummary": "5 appointments are on the schedule, covering 2.3 booked hours; 66.7% completion across 3 finalized visits, and booked activity is up +2.",
      "highlightTrend": "flat",
      "highlightValue": "62/100",
      "key": "custom",
      "kpis": [
        {
          "delta": "+2",
          "helper": "vs previous range",
          "key": "appointments",
          "label": "Appointments",
          "trend": "up",
          "value": "5",
        },
        {
          "delta": "0 pts",
          "helper": "vs previous range",
          "key": "completionRate",
          "label": "Completion rate",
          "trend": "flat",
          "value": "66.7%",
        },
        {
          "delta": "+1",
          "helper": "vs previous range",
          "key": "newClients",
          "label": "New clients",
          "trend": "up",
          "value": "1",
        },
        {
          "delta": "-7m",
          "helper": "vs previous range",
          "key": "avgVisitLength",
          "label": "Avg visit length",
          "trend": "down",
          "value": "38m",
        },
        {
          "delta": "",
          "helper": "of 30 client records",
          "key": "activeClients",
          "label": "Active clients",
          "trend": "flat",
          "value": "20",
        },
        {
          "delta": "",
          "helper": "Open conversations",
          "key": "unreadMessages",
          "label": "Unread messages",
          "trend": "flat",
          "value": "2",
        },
      ],
      "label": "Custom range",
      "metrics": [
        {
          "delta": "+2",
          "helper": "vs previous range",
          "label": "Appointments",
          "trend": "up",
          "value": "5",
        },
        {
          "delta": "0 pts",
          "helper": "Completed vs finalized visits",
          "label": "Completion rate",
          "trend": "flat",
          "value": "66.7%",
        },
        {
          "delta": "0 pts",
          "helper": "Cancelled visit pressure",
          "label": "Lost-slot rate",
          "trend": "flat",
          "value": "33.3%",
        },
        {
          "delta": "+0.9 pts",
          "helper": "Booked minutes vs open hours × staff (estimate)",
          "label": "Estimated utilization",
          "trend": "up",
          "value": "2.8%",
        },
        {
          "delta": "+1",
          "helper": "vs previous range",
          "label": "New clients",
          "trend": "up",
          "value": "1",
        },
        {
          "delta": "+100 pts",
          "helper": "Clients with multiple completed visits",
          "label": "Repeat-visit rate",
          "trend": "up",
          "value": "100.0%",
        },
        {
          "delta": "+100 pts",
          "helper": "Outbound vs inbound messages",
          "label": "Follow-up coverage",
          "trend": "up",
          "value": "100.0%",
        },
        {
          "delta": "-7m",
          "helper": "vs previous range",
          "label": "Avg visit length",
          "trend": "down",
          "value": "38m",
        },
      ],
      "operationalDetail": [
        {
          "delta": "+0.9 pts",
          "helper": "Booked minutes vs open hours × staff (estimate)",
          "key": "utilization",
          "label": "Estimated utilization",
          "trend": "up",
          "value": "2.8%",
        },
        {
          "delta": "0 pts",
          "helper": "",
          "key": "lostSlot",
          "label": "Lost-slot rate",
          "trend": "flat",
          "value": "33.3%",
        },
        {
          "delta": "+100 pts",
          "helper": "",
          "key": "repeatVisit",
          "label": "Repeat-visit rate",
          "trend": "up",
          "value": "100.0%",
        },
        {
          "delta": "+100 pts",
          "helper": "",
          "key": "followUp",
          "label": "Follow-up coverage",
          "trend": "up",
          "value": "100.0%",
        },
        {
          "delta": "",
          "helper": "",
          "key": "sameDayBookings",
          "label": "Same-day bookings",
          "trend": "flat",
          "value": "5",
        },
        {
          "delta": "",
          "helper": "",
          "key": "leadTime",
          "label": "Avg booking lead time",
          "trend": "flat",
          "value": "0h",
        },
      ],
      "periodEnd": "2026-06-28T23:59:59.999Z",
      "periodEndKey": "2026-06-28",
      "periodStart": "2026-06-22T00:00:00.000Z",
      "periodStartKey": "2026-06-22",
      "rangeLabel": "Jun 22 - Jun 28",
      "snapshot": {
        "actions": [
          {
            "detail": "1 new client entered the clinic for this range, which keeps acquisition moving.",
            "expectedImpact": "Protects the current 62/100 performance score by preserving the strongest metric signal.",
            "metric": "Completion and utilization",
            "priority": "medium",
            "title": "Protect the strongest signal",
          },
          {
            "detail": "Tighten reminders, confirm uncertain appointments earlier, and use the inbox for same-day recovery when a slot is at risk.",
            "expectedImpact": "Targets lost-slot rate at 33.3%, the clearest constraint in this timeframe.",
            "metric": "Lost-slot rate",
            "priority": "high",
            "title": "Work lost-slot rate",
          },
        ],
        "auditLabel": "AI analysis covers daily, weekly, and monthly periods; custom ranges use rule-based analysis.",
        "confidence": "low",
        "deepDive": "5 appointments are on the schedule, covering 2.3 booked hours; 66.7% completion across 3 finalized visits, and booked activity is up +2. Lost-slot pressure is high at 33.3% across 1 cancelled visit. Missed or cancelled visits are the clearest source of preventable leakage. Tighten reminders, confirm uncertain appointments earlier, and use the inbox for same-day recovery when a slot is at risk.",
        "diagnosis": "Lost-slot pressure is high at 33.3% across 1 cancelled visit. Missed or cancelled visits are the clearest source of preventable leakage.",
        "focus": "Tighten reminders, confirm uncertain appointments earlier, and use the inbox for same-day recovery when a slot is at risk.",
        "headline": "Clinic performance needs watching for this range.",
        "opportunities": [
          {
            "detail": "Tighten reminders, confirm uncertain appointments earlier, and use the inbox for same-day recovery when a slot is at risk.",
            "impact": "high",
            "title": "Convert leakage into booked care",
          },
          {
            "detail": "1 new client entered the clinic for this range, which keeps acquisition moving.",
            "impact": "medium",
            "title": "Keep the strongest operating habit visible",
          },
        ],
        "recommendedPlaybook": {
          "name": "Cancellation recovery",
          "steps": [
            "Review the 1 cancelled visit and identify avoidable causes.",
            "Send confirmation messages earlier for appointments that look uncertain.",
            "Offer same-day rescheduling when a cancellation frees a slot.",
          ],
          "why": "Tighten reminders, confirm uncertain appointments earlier, and use the inbox for same-day recovery when a slot is at risk.",
        },
        "rootCauses": [
          {
            "evidence": "Lost-slot pressure is high at 33.3% across 1 cancelled visit. Missed or cancelled visits are the clearest source of preventable leakage.",
            "severity": "high",
            "title": "Lost slots are reducing usable capacity",
          },
          {
            "evidence": "Repeat visits are 100.0% and follow-up coverage is 100.0%.",
            "severity": "low",
            "title": "Retention and follow-up need regular monitoring",
          },
        ],
        "score": 62,
        "severity": "high",
        "source": "rules",
        "statHighlights": [
          {
            "label": "Completion",
            "readout": "Completion has room to improve through confirmations and recovery follow-up.",
            "value": "66.7%",
          },
          {
            "label": "Estimated utilization",
            "readout": "Capacity and demand are not yet balanced for this timeframe.",
            "value": "2.8%",
          },
          {
            "label": "Repeat visits",
            "readout": "Return demand is contributing to the schedule.",
            "value": "100.0%",
          },
        ],
        "status": "rules",
        "statusLabel": "Rule-based analysis",
        "strength": "1 new client entered the clinic for this range, which keeps acquisition moving.",
        "summary": "5 appointments are on the schedule, covering 2.3 booked hours; 66.7% completion across 3 finalized visits, and booked activity is up +2.",
        "tone": "watch",
        "watch": "Lost-slot pressure is high at 33.3% across 1 cancelled visit. Missed or cancelled visits are the clearest source of preventable leakage.",
        "whatToMonitor": [
          {
            "metric": "Appointments",
            "target": "Protect or grow the current 5 booked appointments.",
          },
          {
            "metric": "Estimated utilization",
            "target": "Current estimated utilization is 2.8%; healthy range is 70-92%.",
          },
          {
            "metric": "Completion rate",
            "target": "Current completion is 66.7%; keep finalized visits above 90% completed.",
          },
        ],
      },
      "statusTotal": 5,
      "unreadMessages": 2,
    },
    "daily": {
      "activeClients": 20,
      "chart": {
        "completedValues": [
          0,
          0,
          0,
          1,
          1,
          1,
          1,
        ],
        "hasData": true,
        "newClientValues": [
          0,
          0,
          0,
          0,
          0,
          1,
          0,
        ],
        "periodLabel": "Last 7 days",
        "points": [
          {
            "label": "Wed",
            "value": 0,
          },
          {
            "label": "Thu",
            "value": 0,
          },
          {
            "label": "Fri",
            "value": 1,
          },
          {
            "label": "Sat",
            "value": 1,
          },
          {
            "label": "Sun",
            "value": 1,
          },
          {
            "label": "Mon",
            "value": 2,
          },
          {
            "label": "Tue",
            "value": 3,
          },
        ],
        "title": "Appointments per day",
      },
      "clientMixSegments": [
        {
          "count": 20,
          "key": "active",
          "label": "Active",
          "percent": 66.66666666666666,
        },
        {
          "count": 3,
          "key": "atRisk",
          "label": "At risk",
          "percent": 10,
        },
        {
          "count": 5,
          "key": "inactive",
          "label": "Inactive",
          "percent": 16.666666666666664,
        },
        {
          "count": 2,
          "key": "archived",
          "label": "Archived",
          "percent": 6.666666666666667,
        },
      ],
      "clientMixTotal": 30,
      "comparisonLabel": "vs yesterday",
      "diagnostics": {
        "bookingBehavior": {
          "averageLeadTimeHours": 0,
          "sameDayBookings": 3,
          "unassignedAppointments": 0,
        },
        "clientMix": {
          "active": 20,
          "archived": 2,
          "atRisk": 3,
          "inactive": 5,
        },
        "demandWindows": {
          "busiestDays": [
            {
              "count": 3,
              "label": "Tue",
            },
          ],
          "busiestHours": [
            {
              "count": 1,
              "label": "9 AM",
            },
            {
              "count": 1,
              "label": "10 AM",
            },
            {
              "count": 1,
              "label": "11 AM",
            },
          ],
          "quietestDays": [
            {
              "count": 3,
              "label": "Tue",
            },
          ],
        },
        "evidenceSummary": "33.3% completed and 33.3% cancelled; busiest day Tue (3); quietest day Tue (3); 3 same-day bookings",
        "staffLoad": [
          {
            "appointments": 3,
            "bookedMinutes": 60,
            "name": "Dr. One",
            "role": "Dentist",
            "utilizationShare": "100.0%",
          },
          {
            "appointments": 0,
            "bookedMinutes": 0,
            "name": "Dr. Two",
            "role": "Hygienist",
            "utilizationShare": "0.0%",
          },
        ],
        "statusMix": [
          {
            "count": 1,
            "label": "Completed",
            "share": "33.3%",
          },
          {
            "count": 1,
            "label": "Confirmed",
            "share": "33.3%",
          },
          {
            "count": 0,
            "label": "Pending",
            "share": "0.0%",
          },
          {
            "count": 1,
            "label": "Cancelled",
            "share": "33.3%",
          },
        ],
      },
      "highlightChange": "-50 pts",
      "highlightSummary": "3 appointments are on the schedule, covering 1 booked hour; 50.0% completion across 2 finalized visits, and booked activity is up +1.",
      "highlightTrend": "down",
      "highlightValue": "46/100",
      "key": "daily",
      "kpis": [
        {
          "delta": "+1",
          "helper": "vs yesterday",
          "key": "appointments",
          "label": "Appointments",
          "trend": "up",
          "value": "3",
        },
        {
          "delta": "-50 pts",
          "helper": "vs yesterday",
          "key": "completionRate",
          "label": "Completion rate",
          "trend": "down",
          "value": "50.0%",
        },
        {
          "delta": "-1",
          "helper": "vs yesterday",
          "key": "newClients",
          "label": "New clients",
          "trend": "down",
          "value": "0",
        },
        {
          "delta": "-15m",
          "helper": "vs yesterday",
          "key": "avgVisitLength",
          "label": "Avg visit length",
          "trend": "down",
          "value": "30m",
        },
        {
          "delta": "",
          "helper": "of 30 client records",
          "key": "activeClients",
          "label": "Active clients",
          "trend": "flat",
          "value": "20",
        },
        {
          "delta": "",
          "helper": "Open conversations",
          "key": "unreadMessages",
          "label": "Unread messages",
          "trend": "flat",
          "value": "2",
        },
      ],
      "label": "Today",
      "metrics": [
        {
          "delta": "+1",
          "helper": "vs yesterday",
          "label": "Appointments",
          "trend": "up",
          "value": "3",
        },
        {
          "delta": "-50 pts",
          "helper": "Completed vs finalized visits",
          "label": "Completion rate",
          "trend": "down",
          "value": "50.0%",
        },
        {
          "delta": "+50 pts",
          "helper": "Cancelled visit pressure",
          "label": "Lost-slot rate",
          "trend": "down",
          "value": "50.0%",
        },
        {
          "delta": "+6.3 pts",
          "helper": "Booked minutes vs open hours × staff (estimate)",
          "label": "Estimated utilization",
          "trend": "up",
          "value": "6.3%",
        },
        {
          "delta": "-1",
          "helper": "vs yesterday",
          "label": "New clients",
          "trend": "down",
          "value": "0",
        },
        {
          "delta": "0 pts",
          "helper": "Clients with multiple completed visits",
          "label": "Repeat-visit rate",
          "trend": "flat",
          "value": "0.0%",
        },
        {
          "delta": "",
          "helper": "Outbound vs inbound messages",
          "label": "Follow-up coverage",
          "trend": "flat",
          "value": "100.0%",
        },
        {
          "delta": "-15m",
          "helper": "vs yesterday",
          "label": "Avg visit length",
          "trend": "down",
          "value": "30m",
        },
      ],
      "operationalDetail": [
        {
          "delta": "+6.3 pts",
          "helper": "Booked minutes vs open hours × staff (estimate)",
          "key": "utilization",
          "label": "Estimated utilization",
          "trend": "up",
          "value": "6.3%",
        },
        {
          "delta": "+50 pts",
          "helper": "",
          "key": "lostSlot",
          "label": "Lost-slot rate",
          "trend": "down",
          "value": "50.0%",
        },
        {
          "delta": "0 pts",
          "helper": "",
          "key": "repeatVisit",
          "label": "Repeat-visit rate",
          "trend": "flat",
          "value": "0.0%",
        },
        {
          "delta": "",
          "helper": "",
          "key": "followUp",
          "label": "Follow-up coverage",
          "trend": "flat",
          "value": "100.0%",
        },
        {
          "delta": "",
          "helper": "",
          "key": "sameDayBookings",
          "label": "Same-day bookings",
          "trend": "flat",
          "value": "3",
        },
        {
          "delta": "",
          "helper": "",
          "key": "leadTime",
          "label": "Avg booking lead time",
          "trend": "flat",
          "value": "0h",
        },
      ],
      "periodEnd": "2026-06-23T23:59:59.999Z",
      "periodEndKey": "2026-06-23",
      "periodStart": "2026-06-23T00:00:00.000Z",
      "periodStartKey": "2026-06-23",
      "rangeLabel": "Jun 23",
      "snapshot": {
        "actions": [
          {
            "detail": "1 completed visit give the clinic a measurable baseline today.",
            "expectedImpact": "Protects the current 46/100 performance score by preserving the strongest metric signal.",
            "metric": "Completion and utilization",
            "priority": "medium",
            "title": "Protect the strongest signal",
          },
          {
            "detail": "Tighten reminders, confirm uncertain appointments earlier, and use the inbox for same-day recovery when a slot is at risk.",
            "expectedImpact": "Targets lost-slot rate at 50.0%, the clearest constraint in this timeframe.",
            "metric": "Lost-slot rate",
            "priority": "high",
            "title": "Work lost-slot rate",
          },
        ],
        "auditLabel": "Generated from current clinic metrics without AI.",
        "confidence": "low",
        "deepDive": "3 appointments are on the schedule, covering 1 booked hour; 50.0% completion across 2 finalized visits, and booked activity is up +1. Lost-slot pressure is high at 50.0% across 1 cancelled visit. Missed or cancelled visits are the clearest source of preventable leakage. Tighten reminders, confirm uncertain appointments earlier, and use the inbox for same-day recovery when a slot is at risk.",
        "diagnosis": "Lost-slot pressure is high at 50.0% across 1 cancelled visit. Missed or cancelled visits are the clearest source of preventable leakage.",
        "focus": "Tighten reminders, confirm uncertain appointments earlier, and use the inbox for same-day recovery when a slot is at risk.",
        "headline": "Clinic performance needs attention today.",
        "opportunities": [
          {
            "detail": "Tighten reminders, confirm uncertain appointments earlier, and use the inbox for same-day recovery when a slot is at risk.",
            "impact": "high",
            "title": "Convert leakage into booked care",
          },
          {
            "detail": "1 completed visit give the clinic a measurable baseline today.",
            "impact": "medium",
            "title": "Keep the strongest operating habit visible",
          },
        ],
        "recommendedPlaybook": {
          "name": "Cancellation recovery",
          "steps": [
            "Review the 1 cancelled visit and identify avoidable causes.",
            "Send confirmation messages earlier for appointments that look uncertain.",
            "Offer same-day rescheduling when a cancellation frees a slot.",
          ],
          "why": "Tighten reminders, confirm uncertain appointments earlier, and use the inbox for same-day recovery when a slot is at risk.",
        },
        "rootCauses": [
          {
            "evidence": "Lost-slot pressure is high at 50.0% across 1 cancelled visit. Missed or cancelled visits are the clearest source of preventable leakage.",
            "severity": "high",
            "title": "Lost slots are reducing usable capacity",
          },
          {
            "evidence": "Repeat visits are 0.0% and follow-up coverage is 100.0%.",
            "severity": "medium",
            "title": "Retention and follow-up need regular monitoring",
          },
        ],
        "score": 46,
        "severity": "high",
        "source": "rules",
        "statHighlights": [
          {
            "label": "Completion",
            "readout": "Completion has room to improve through confirmations and recovery follow-up.",
            "value": "50.0%",
          },
          {
            "label": "Estimated utilization",
            "readout": "Capacity and demand are not yet balanced for this timeframe.",
            "value": "6.3%",
          },
          {
            "label": "Repeat visits",
            "readout": "Retention follow-up is the clearest growth lever.",
            "value": "0.0%",
          },
        ],
        "status": "rules",
        "statusLabel": "Rule-based insight",
        "strength": "1 completed visit give the clinic a measurable baseline today.",
        "summary": "3 appointments are on the schedule, covering 1 booked hour; 50.0% completion across 2 finalized visits, and booked activity is up +1.",
        "tone": "attention",
        "watch": "Lost-slot pressure is high at 50.0% across 1 cancelled visit. Missed or cancelled visits are the clearest source of preventable leakage.",
        "whatToMonitor": [
          {
            "metric": "Appointments",
            "target": "Protect or grow the current 3 booked appointments.",
          },
          {
            "metric": "Estimated utilization",
            "target": "Current estimated utilization is 6.3%; healthy range is 70-92%.",
          },
          {
            "metric": "Completion rate",
            "target": "Current completion is 50.0%; keep finalized visits above 90% completed.",
          },
        ],
      },
      "statusTotal": 3,
      "unreadMessages": 2,
    },
    "monthly": {
      "activeClients": 20,
      "chart": {
        "completedValues": [
          0,
          1,
          0,
          0,
          1,
          6,
        ],
        "hasData": true,
        "newClientValues": [
          0,
          0,
          0,
          0,
          1,
          2,
        ],
        "periodLabel": "Last 6 months",
        "points": [
          {
            "label": "Jan",
            "value": 0,
          },
          {
            "label": "Feb",
            "value": 1,
          },
          {
            "label": "Mar",
            "value": 0,
          },
          {
            "label": "Apr",
            "value": 0,
          },
          {
            "label": "May",
            "value": 2,
          },
          {
            "label": "Jun",
            "value": 11,
          },
        ],
        "title": "Appointments per month",
      },
      "clientMixSegments": [
        {
          "count": 20,
          "key": "active",
          "label": "Active",
          "percent": 66.66666666666666,
        },
        {
          "count": 3,
          "key": "atRisk",
          "label": "At risk",
          "percent": 10,
        },
        {
          "count": 5,
          "key": "inactive",
          "label": "Inactive",
          "percent": 16.666666666666664,
        },
        {
          "count": 2,
          "key": "archived",
          "label": "Archived",
          "percent": 6.666666666666667,
        },
      ],
      "clientMixTotal": 30,
      "comparisonLabel": "vs last month",
      "diagnostics": {
        "bookingBehavior": {
          "averageLeadTimeHours": 0,
          "sameDayBookings": 11,
          "unassignedAppointments": 0,
        },
        "clientMix": {
          "active": 20,
          "archived": 2,
          "atRisk": 3,
          "inactive": 5,
        },
        "demandWindows": {
          "busiestDays": [
            {
              "count": 3,
              "label": "Tue",
            },
            {
              "count": 3,
              "label": "Mon",
            },
            {
              "count": 2,
              "label": "Sat",
            },
          ],
          "busiestHours": [
            {
              "count": 8,
              "label": "9 AM",
            },
            {
              "count": 1,
              "label": "10 AM",
            },
            {
              "count": 1,
              "label": "11 AM",
            },
          ],
          "quietestDays": [
            {
              "count": 1,
              "label": "Wed",
            },
            {
              "count": 1,
              "label": "Fri",
            },
            {
              "count": 1,
              "label": "Sun",
            },
          ],
        },
        "evidenceSummary": "54.5% completed and 18.2% cancelled; busiest day Tue (3); quietest day Wed (1); 11 same-day bookings",
        "staffLoad": [
          {
            "appointments": 8,
            "bookedMinutes": 210,
            "name": "Dr. One",
            "role": "Dentist",
            "utilizationShare": "56.0%",
          },
          {
            "appointments": 3,
            "bookedMinutes": 165,
            "name": "Dr. Two",
            "role": "Hygienist",
            "utilizationShare": "44.0%",
          },
        ],
        "statusMix": [
          {
            "count": 6,
            "label": "Completed",
            "share": "54.5%",
          },
          {
            "count": 2,
            "label": "Confirmed",
            "share": "18.2%",
          },
          {
            "count": 1,
            "label": "Pending",
            "share": "9.1%",
          },
          {
            "count": 2,
            "label": "Cancelled",
            "share": "18.2%",
          },
        ],
      },
      "highlightChange": "+25 pts",
      "highlightSummary": "11 appointments are on the schedule, covering 6.3 booked hours; 75.0% completion across 8 finalized visits, and booked activity is up +9.",
      "highlightTrend": "up",
      "highlightValue": "63/100",
      "key": "monthly",
      "kpis": [
        {
          "delta": "+9",
          "helper": "vs last month",
          "key": "appointments",
          "label": "Appointments",
          "trend": "up",
          "value": "11",
        },
        {
          "delta": "+25 pts",
          "helper": "vs last month",
          "key": "completionRate",
          "label": "Completion rate",
          "trend": "up",
          "value": "75.0%",
        },
        {
          "delta": "+2",
          "helper": "vs last month",
          "key": "newClients",
          "label": "New clients",
          "trend": "up",
          "value": "2",
        },
        {
          "delta": "+18m",
          "helper": "vs last month",
          "key": "avgVisitLength",
          "label": "Avg visit length",
          "trend": "up",
          "value": "48m",
        },
        {
          "delta": "",
          "helper": "of 30 client records",
          "key": "activeClients",
          "label": "Active clients",
          "trend": "flat",
          "value": "20",
        },
        {
          "delta": "",
          "helper": "Open conversations",
          "key": "unreadMessages",
          "label": "Unread messages",
          "trend": "flat",
          "value": "2",
        },
      ],
      "label": "This month",
      "metrics": [
        {
          "delta": "+9",
          "helper": "vs last month",
          "label": "Appointments",
          "trend": "up",
          "value": "11",
        },
        {
          "delta": "+25 pts",
          "helper": "Completed vs finalized visits",
          "label": "Completion rate",
          "trend": "up",
          "value": "75.0%",
        },
        {
          "delta": "-25 pts",
          "helper": "Cancelled visit pressure",
          "label": "Lost-slot rate",
          "trend": "up",
          "value": "25.0%",
        },
        {
          "delta": "+1.7 pts",
          "helper": "Booked minutes vs open hours × staff (estimate)",
          "label": "Estimated utilization",
          "trend": "up",
          "value": "1.9%",
        },
        {
          "delta": "+2",
          "helper": "vs last month",
          "label": "New clients",
          "trend": "up",
          "value": "2",
        },
        {
          "delta": "+33.3 pts",
          "helper": "Clients with multiple completed visits",
          "label": "Repeat-visit rate",
          "trend": "up",
          "value": "33.3%",
        },
        {
          "delta": "",
          "helper": "Outbound vs inbound messages",
          "label": "Follow-up coverage",
          "trend": "flat",
          "value": "50.0%",
        },
        {
          "delta": "+18m",
          "helper": "vs last month",
          "label": "Avg visit length",
          "trend": "up",
          "value": "48m",
        },
      ],
      "operationalDetail": [
        {
          "delta": "+1.7 pts",
          "helper": "Booked minutes vs open hours × staff (estimate)",
          "key": "utilization",
          "label": "Estimated utilization",
          "trend": "up",
          "value": "1.9%",
        },
        {
          "delta": "-25 pts",
          "helper": "",
          "key": "lostSlot",
          "label": "Lost-slot rate",
          "trend": "up",
          "value": "25.0%",
        },
        {
          "delta": "+33.3 pts",
          "helper": "",
          "key": "repeatVisit",
          "label": "Repeat-visit rate",
          "trend": "up",
          "value": "33.3%",
        },
        {
          "delta": "",
          "helper": "",
          "key": "followUp",
          "label": "Follow-up coverage",
          "trend": "flat",
          "value": "50.0%",
        },
        {
          "delta": "",
          "helper": "",
          "key": "sameDayBookings",
          "label": "Same-day bookings",
          "trend": "flat",
          "value": "11",
        },
        {
          "delta": "",
          "helper": "",
          "key": "leadTime",
          "label": "Avg booking lead time",
          "trend": "flat",
          "value": "0h",
        },
      ],
      "periodEnd": "2026-06-30T23:59:59.999Z",
      "periodEndKey": "2026-06-30",
      "periodStart": "2026-06-01T00:00:00.000Z",
      "periodStartKey": "2026-06-01",
      "rangeLabel": "June 2026",
      "snapshot": {
        "actions": [
          {
            "detail": "2 new clients entered the clinic this month, which keeps acquisition moving.",
            "expectedImpact": "Protects the current 63/100 performance score by preserving the strongest metric signal.",
            "metric": "Completion and utilization",
            "priority": "medium",
            "title": "Protect the strongest signal",
          },
          {
            "detail": "Tighten reminders, confirm uncertain appointments earlier, and use the inbox for same-day recovery when a slot is at risk.",
            "expectedImpact": "Targets lost-slot rate at 25.0%, the clearest constraint in this timeframe.",
            "metric": "Lost-slot rate",
            "priority": "high",
            "title": "Work lost-slot rate",
          },
        ],
        "auditLabel": "Generated from current clinic metrics without AI.",
        "confidence": "medium",
        "deepDive": "11 appointments are on the schedule, covering 6.3 booked hours; 75.0% completion across 8 finalized visits, and booked activity is up +9. Lost-slot pressure is high at 25.0% across 2 cancelled visits. Missed or cancelled visits are the clearest source of preventable leakage. Tighten reminders, confirm uncertain appointments earlier, and use the inbox for same-day recovery when a slot is at risk.",
        "diagnosis": "Lost-slot pressure is high at 25.0% across 2 cancelled visits. Missed or cancelled visits are the clearest source of preventable leakage.",
        "focus": "Tighten reminders, confirm uncertain appointments earlier, and use the inbox for same-day recovery when a slot is at risk.",
        "headline": "Clinic performance needs watching this month.",
        "opportunities": [
          {
            "detail": "Tighten reminders, confirm uncertain appointments earlier, and use the inbox for same-day recovery when a slot is at risk.",
            "impact": "high",
            "title": "Convert leakage into booked care",
          },
          {
            "detail": "2 new clients entered the clinic this month, which keeps acquisition moving.",
            "impact": "medium",
            "title": "Keep the strongest operating habit visible",
          },
        ],
        "recommendedPlaybook": {
          "name": "Cancellation recovery",
          "steps": [
            "Review the 2 cancelled visits and identify avoidable causes.",
            "Send confirmation messages earlier for appointments that look uncertain.",
            "Offer same-day rescheduling when a cancellation frees a slot.",
          ],
          "why": "Tighten reminders, confirm uncertain appointments earlier, and use the inbox for same-day recovery when a slot is at risk.",
        },
        "rootCauses": [
          {
            "evidence": "Lost-slot pressure is high at 25.0% across 2 cancelled visits. Missed or cancelled visits are the clearest source of preventable leakage.",
            "severity": "high",
            "title": "Lost slots are reducing usable capacity",
          },
          {
            "evidence": "Repeat visits are 33.3% and follow-up coverage is 50.0%.",
            "severity": "low",
            "title": "Retention and follow-up need regular monitoring",
          },
        ],
        "score": 63,
        "severity": "high",
        "source": "rules",
        "statHighlights": [
          {
            "label": "Completion",
            "readout": "Completion has room to improve through confirmations and recovery follow-up.",
            "value": "75.0%",
          },
          {
            "label": "Estimated utilization",
            "readout": "Capacity and demand are not yet balanced for this timeframe.",
            "value": "1.9%",
          },
          {
            "label": "Repeat visits",
            "readout": "Return demand is contributing to the schedule.",
            "value": "33.3%",
          },
        ],
        "status": "rules",
        "statusLabel": "Rule-based insight",
        "strength": "2 new clients entered the clinic this month, which keeps acquisition moving.",
        "summary": "11 appointments are on the schedule, covering 6.3 booked hours; 75.0% completion across 8 finalized visits, and booked activity is up +9.",
        "tone": "watch",
        "watch": "Lost-slot pressure is high at 25.0% across 2 cancelled visits. Missed or cancelled visits are the clearest source of preventable leakage.",
        "whatToMonitor": [
          {
            "metric": "Appointments",
            "target": "Protect or grow the current 11 booked appointments.",
          },
          {
            "metric": "Estimated utilization",
            "target": "Current estimated utilization is 1.9%; healthy range is 70-92%.",
          },
          {
            "metric": "Completion rate",
            "target": "Current completion is 75.0%; keep finalized visits above 90% completed.",
          },
        ],
      },
      "statusTotal": 11,
      "unreadMessages": 2,
    },
    "weekly": {
      "activeClients": 20,
      "chart": {
        "completedValues": [
          0,
          1,
          0,
          0,
          0,
          2,
          2,
          2,
        ],
        "hasData": true,
        "newClientValues": [
          0,
          1,
          0,
          0,
          0,
          1,
          0,
          1,
        ],
        "periodLabel": "Last 8 weeks",
        "points": [
          {
            "label": "W1",
            "value": 1,
          },
          {
            "label": "W2",
            "value": 1,
          },
          {
            "label": "W3",
            "value": 0,
          },
          {
            "label": "W4",
            "value": 0,
          },
          {
            "label": "W5",
            "value": 1,
          },
          {
            "label": "W6",
            "value": 2,
          },
          {
            "label": "W7",
            "value": 3,
          },
          {
            "label": "W8",
            "value": 5,
          },
        ],
        "title": "Appointments per week",
      },
      "clientMixSegments": [
        {
          "count": 20,
          "key": "active",
          "label": "Active",
          "percent": 66.66666666666666,
        },
        {
          "count": 3,
          "key": "atRisk",
          "label": "At risk",
          "percent": 10,
        },
        {
          "count": 5,
          "key": "inactive",
          "label": "Inactive",
          "percent": 16.666666666666664,
        },
        {
          "count": 2,
          "key": "archived",
          "label": "Archived",
          "percent": 6.666666666666667,
        },
      ],
      "clientMixTotal": 30,
      "comparisonLabel": "vs last week",
      "diagnostics": {
        "bookingBehavior": {
          "averageLeadTimeHours": 0,
          "sameDayBookings": 5,
          "unassignedAppointments": 0,
        },
        "clientMix": {
          "active": 20,
          "archived": 2,
          "atRisk": 3,
          "inactive": 5,
        },
        "demandWindows": {
          "busiestDays": [
            {
              "count": 3,
              "label": "Tue",
            },
            {
              "count": 2,
              "label": "Mon",
            },
          ],
          "busiestHours": [
            {
              "count": 2,
              "label": "9 AM",
            },
            {
              "count": 1,
              "label": "10 AM",
            },
            {
              "count": 1,
              "label": "11 AM",
            },
          ],
          "quietestDays": [
            {
              "count": 2,
              "label": "Mon",
            },
            {
              "count": 3,
              "label": "Tue",
            },
          ],
        },
        "evidenceSummary": "40.0% completed and 20.0% cancelled; busiest day Tue (3); quietest day Mon (2); 5 same-day bookings",
        "staffLoad": [
          {
            "appointments": 4,
            "bookedMinutes": 90,
            "name": "Dr. One",
            "role": "Dentist",
            "utilizationShare": "66.7%",
          },
          {
            "appointments": 1,
            "bookedMinutes": 45,
            "name": "Dr. Two",
            "role": "Hygienist",
            "utilizationShare": "33.3%",
          },
        ],
        "statusMix": [
          {
            "count": 2,
            "label": "Completed",
            "share": "40.0%",
          },
          {
            "count": 1,
            "label": "Confirmed",
            "share": "20.0%",
          },
          {
            "count": 1,
            "label": "Pending",
            "share": "20.0%",
          },
          {
            "count": 1,
            "label": "Cancelled",
            "share": "20.0%",
          },
        ],
      },
      "highlightChange": "67%",
      "highlightSummary": "5 appointments are on the schedule, covering 2.3 booked hours; 66.7% completion across 3 finalized visits, and booked activity is up +2.",
      "highlightTrend": "flat",
      "highlightValue": "62/100",
      "key": "weekly",
      "kpis": [
        {
          "delta": "+2",
          "helper": "vs last week",
          "key": "appointments",
          "label": "Appointments",
          "trend": "up",
          "value": "5",
        },
        {
          "delta": "0 pts",
          "helper": "vs last week",
          "key": "completionRate",
          "label": "Completion rate",
          "trend": "flat",
          "value": "66.7%",
        },
        {
          "delta": "+1",
          "helper": "vs last week",
          "key": "newClients",
          "label": "New clients",
          "trend": "up",
          "value": "1",
        },
        {
          "delta": "-7m",
          "helper": "vs last week",
          "key": "avgVisitLength",
          "label": "Avg visit length",
          "trend": "down",
          "value": "38m",
        },
        {
          "delta": "",
          "helper": "of 30 client records",
          "key": "activeClients",
          "label": "Active clients",
          "trend": "flat",
          "value": "20",
        },
        {
          "delta": "",
          "helper": "Open conversations",
          "key": "unreadMessages",
          "label": "Unread messages",
          "trend": "flat",
          "value": "2",
        },
      ],
      "label": "This week",
      "metrics": [
        {
          "delta": "+2",
          "helper": "vs last week",
          "label": "Appointments",
          "trend": "up",
          "value": "5",
        },
        {
          "delta": "0 pts",
          "helper": "Completed vs finalized visits",
          "label": "Completion rate",
          "trend": "flat",
          "value": "66.7%",
        },
        {
          "delta": "0 pts",
          "helper": "Cancelled visit pressure",
          "label": "Lost-slot rate",
          "trend": "flat",
          "value": "33.3%",
        },
        {
          "delta": "+0.9 pts",
          "helper": "Booked minutes vs open hours × staff (estimate)",
          "label": "Estimated utilization",
          "trend": "up",
          "value": "2.8%",
        },
        {
          "delta": "+1",
          "helper": "vs last week",
          "label": "New clients",
          "trend": "up",
          "value": "1",
        },
        {
          "delta": "+100 pts",
          "helper": "Clients with multiple completed visits",
          "label": "Repeat-visit rate",
          "trend": "up",
          "value": "100.0%",
        },
        {
          "delta": "+100 pts",
          "helper": "Outbound vs inbound messages",
          "label": "Follow-up coverage",
          "trend": "up",
          "value": "100.0%",
        },
        {
          "delta": "-7m",
          "helper": "vs last week",
          "label": "Avg visit length",
          "trend": "down",
          "value": "38m",
        },
      ],
      "operationalDetail": [
        {
          "delta": "+0.9 pts",
          "helper": "Booked minutes vs open hours × staff (estimate)",
          "key": "utilization",
          "label": "Estimated utilization",
          "trend": "up",
          "value": "2.8%",
        },
        {
          "delta": "0 pts",
          "helper": "",
          "key": "lostSlot",
          "label": "Lost-slot rate",
          "trend": "flat",
          "value": "33.3%",
        },
        {
          "delta": "+100 pts",
          "helper": "",
          "key": "repeatVisit",
          "label": "Repeat-visit rate",
          "trend": "up",
          "value": "100.0%",
        },
        {
          "delta": "+100 pts",
          "helper": "",
          "key": "followUp",
          "label": "Follow-up coverage",
          "trend": "up",
          "value": "100.0%",
        },
        {
          "delta": "",
          "helper": "",
          "key": "sameDayBookings",
          "label": "Same-day bookings",
          "trend": "flat",
          "value": "5",
        },
        {
          "delta": "",
          "helper": "",
          "key": "leadTime",
          "label": "Avg booking lead time",
          "trend": "flat",
          "value": "0h",
        },
      ],
      "periodEnd": "2026-06-28T23:59:59.999Z",
      "periodEndKey": "2026-06-28",
      "periodStart": "2026-06-22T00:00:00.000Z",
      "periodStartKey": "2026-06-22",
      "rangeLabel": "Jun 22 - Jun 28",
      "snapshot": {
        "actions": [
          {
            "detail": "1 new client entered the clinic this week, which keeps acquisition moving.",
            "expectedImpact": "Protects the current 62/100 performance score by preserving the strongest metric signal.",
            "metric": "Completion and utilization",
            "priority": "medium",
            "title": "Protect the strongest signal",
          },
          {
            "detail": "Tighten reminders, confirm uncertain appointments earlier, and use the inbox for same-day recovery when a slot is at risk.",
            "expectedImpact": "Targets lost-slot rate at 33.3%, the clearest constraint in this timeframe.",
            "metric": "Lost-slot rate",
            "priority": "high",
            "title": "Work lost-slot rate",
          },
        ],
        "auditLabel": "Generated from current clinic metrics without AI.",
        "confidence": "low",
        "deepDive": "5 appointments are on the schedule, covering 2.3 booked hours; 66.7% completion across 3 finalized visits, and booked activity is up +2. Lost-slot pressure is high at 33.3% across 1 cancelled visit. Missed or cancelled visits are the clearest source of preventable leakage. Tighten reminders, confirm uncertain appointments earlier, and use the inbox for same-day recovery when a slot is at risk.",
        "diagnosis": "Lost-slot pressure is high at 33.3% across 1 cancelled visit. Missed or cancelled visits are the clearest source of preventable leakage.",
        "focus": "Tighten reminders, confirm uncertain appointments earlier, and use the inbox for same-day recovery when a slot is at risk.",
        "headline": "Clinic performance needs watching this week.",
        "opportunities": [
          {
            "detail": "Tighten reminders, confirm uncertain appointments earlier, and use the inbox for same-day recovery when a slot is at risk.",
            "impact": "high",
            "title": "Convert leakage into booked care",
          },
          {
            "detail": "1 new client entered the clinic this week, which keeps acquisition moving.",
            "impact": "medium",
            "title": "Keep the strongest operating habit visible",
          },
        ],
        "recommendedPlaybook": {
          "name": "Cancellation recovery",
          "steps": [
            "Review the 1 cancelled visit and identify avoidable causes.",
            "Send confirmation messages earlier for appointments that look uncertain.",
            "Offer same-day rescheduling when a cancellation frees a slot.",
          ],
          "why": "Tighten reminders, confirm uncertain appointments earlier, and use the inbox for same-day recovery when a slot is at risk.",
        },
        "rootCauses": [
          {
            "evidence": "Lost-slot pressure is high at 33.3% across 1 cancelled visit. Missed or cancelled visits are the clearest source of preventable leakage.",
            "severity": "high",
            "title": "Lost slots are reducing usable capacity",
          },
          {
            "evidence": "Repeat visits are 100.0% and follow-up coverage is 100.0%.",
            "severity": "low",
            "title": "Retention and follow-up need regular monitoring",
          },
        ],
        "score": 62,
        "severity": "high",
        "source": "rules",
        "statHighlights": [
          {
            "label": "Completion",
            "readout": "Completion has room to improve through confirmations and recovery follow-up.",
            "value": "66.7%",
          },
          {
            "label": "Estimated utilization",
            "readout": "Capacity and demand are not yet balanced for this timeframe.",
            "value": "2.8%",
          },
          {
            "label": "Repeat visits",
            "readout": "Return demand is contributing to the schedule.",
            "value": "100.0%",
          },
        ],
        "status": "rules",
        "statusLabel": "Rule-based insight",
        "strength": "1 new client entered the clinic this week, which keeps acquisition moving.",
        "summary": "5 appointments are on the schedule, covering 2.3 booked hours; 66.7% completion across 3 finalized visits, and booked activity is up +2.",
        "tone": "watch",
        "watch": "Lost-slot pressure is high at 33.3% across 1 cancelled visit. Missed or cancelled visits are the clearest source of preventable leakage.",
        "whatToMonitor": [
          {
            "metric": "Appointments",
            "target": "Protect or grow the current 5 booked appointments.",
          },
          {
            "metric": "Estimated utilization",
            "target": "Current estimated utilization is 2.8%; healthy range is 70-92%.",
          },
          {
            "metric": "Completion rate",
            "target": "Current completion is 66.7%; keep finalized visits above 90% completed.",
          },
        ],
      },
      "statusTotal": 5,
      "unreadMessages": 2,
    },
  },
}
`;
